<?xml version="1.0" encoding="UTF-8"?><mappingRoot xmlns="http://www.ibm.com/2008/ccl/Mapping" domainID="com.ibm.msl.mapping.xml" domainIDExtension="mb" mainMap="true" targetNamespace="default" version="8.0.5.0" xmlns:map="default">
    <inlinedXMLSchema><![CDATA[<?xml version="1.0" encoding="UTF-8"?><xsd:schema xmlns:xsd="http://www.w3.org/2001/XMLSchema"> 
    <xsd:element name="numOda" type="xsd:string"/> 
</xsd:schema>]]></inlinedXMLSchema>
    <input path="jar:file://!com/ibm/etools/mft/map/xsds/predefined/BlobMessage.xsd" var="var1"/>
    <input inlinedXMLSchema="true" path="../schema_0.xsd" var="var"/>
    <output path="/SapZbapiPoSalvaPdf.xsd" var="var2"/>
    <generation engine="xquery"/>
    <mappingDeclaration name="PDF_ODA_fileName">
        <input path="$var1/mb:msg(BLOB,assembly,BLOB,LocalEnvironment,Properties)" var="MessageAssembly">
            <cast castType="userDefined" path="$MessageAssembly/LocalEnvironment/HTTP/Input/QueryString/any" qualifier="numOda" ref="var"/>
        </input>
        <output namespace="http://www.ibm.com/xmlns/prod/websphere/j2ca/sap/sapzbapiposalvapdf" path="$var2/mb:msg(SapZbapiPoSalvaPdf,assembly,DataObject,Properties)" var="MessageAssembly1"/>
        <move>
            <input path="$MessageAssembly/Properties"/>
            <output path="$MessageAssembly1/Properties"/>
        </move>
        <move>
            <input path="$MessageAssembly/LocalEnvironment/HTTP/Input/QueryString/numOda[1]"/>
            <output path="$MessageAssembly1/SapZbapiPoSalvaPdf/EBELN"/>
        </move>
    </mappingDeclaration>
</mappingRoot>