<?xml version="1.0" encoding="UTF-8"?><mappingRoot xmlns="http://www.ibm.com/2008/ccl/Mapping" domainID="com.ibm.msl.mapping.xml" domainIDExtension="mb" mainMap="true" targetNamespace="default" version="8.0.5.0" xmlns:map="default">
    <input path="/SapZbapiPrSalvaPdf.xsd"/>
    <output path="jar:file://!com/ibm/etools/mft/map/xsds/predefined/BlobMessage.xsd"/>
    <namespaces>
        <namespace kind="supplement" prefix="in2" uri="http://www.ibm.com/xmlns/prod/websphere/j2ca/sap/sapreturn798193681"/>
        <namespace kind="supplement" prefix="in" uri="http://www.ibm.com/xmlns/prod/websphere/j2ca/sap/sapzbapiprsalvapdf"/>
    </namespaces>
    <generation engine="xquery"/>
    <mappingDeclaration name="PDF_RDA_pdfOutput">
        <input namespace="http://www.ibm.com/xmlns/prod/websphere/j2ca/sap/sapzbapiprsalvapdf" path="mb:msg(SapZbapiPrSalvaPdf,assembly,XMLNSC,Properties)" var="ComIbmMessageAssembly_SapZbapiPrSalvaPdf"/>
        <output path="mb:msg(BLOB,assembly,BLOB,Properties)" var="ComIbmMessageAssembly_BLOB"/>
        <move>
            <input path="$ComIbmMessageAssembly_SapZbapiPrSalvaPdf/Properties"/>
            <output path="$ComIbmMessageAssembly_BLOB/Properties"/>
            <override>
                <assign value="application/pdf">
                    <output path="$ComIbmMessageAssembly_BLOB/Properties/ContentType"/>
                </assign>
            </override>
        </move>
        <move>
            <input path="$ComIbmMessageAssembly_SapZbapiPrSalvaPdf/SapZbapiPrSalvaPdf/FILE_OUTPUT"/>
            <output path="$ComIbmMessageAssembly_BLOB/BLOB/text()"/>
        </move>
    </mappingDeclaration>
</mappingRoot>