<?xml version="1.0" encoding="UTF-8"?><mappingRoot xmlns="http://www.ibm.com/2008/ccl/Mapping" domainID="com.ibm.msl.mapping.xml" domainIDExtension="mb" mainMap="true" targetNamespace="default" version="8.0.5.0" xmlns:map="default">
    <inlinedXMLSchema><![CDATA[<?xml version="1.0" encoding="UTF-8"?><xsd:schema xmlns:xsd="http://www.w3.org/2001/XMLSchema">          
    <xsd:element name="dataInizioValidita" type="xsd:string"/>          
    <xsd:element name="societa" type="xsd:string"/>          
</xsd:schema>]]></inlinedXMLSchema>
    <input path="jar:file://!com/ibm/etools/mft/map/xsds/assembly/Environment.xsd" var="var1"/>
    <input path="/SapBapiInternalorderGetdetail.xsd" var="var2"/>
    <input inlinedXMLSchema="true" path="../schema_0.xsd" var="var"/>
    <input inlinedXMLSchema="true" path="../schema_0.xsd" var="var3"/>
    <output path="jar:file://!com/ibm/etools/mft/map/xsds/assembly/Environment.xsd" var="var4"/>
    <output path="/AnagraficheCO_InlineSchema.xsd" var="var6"/>
    <namespaces>
        <namespace kind="supplement" prefix="in2" uri="http://www.ibm.com/xmlns/prod/websphere/j2ca/sap/sapbapiinternalordergetdetail"/>
        <namespace kind="supplement" prefix="in" uri="http://www.ibm.com/xmlns/prod/websphere/j2ca/sap/sapmasterdata75207936"/>
        <namespace kind="supplement" prefix="out" uri="http://www.gruppoiren.it/AnagraficheCO/"/>
        <namespace kind="supplement" prefix="in4" uri="http://www.ibm.com/xmlns/prod/websphere/j2ca/sap/sapsystemstatus1453157855"/>
        <namespace kind="supplement" prefix="in3" uri="http://www.ibm.com/xmlns/prod/websphere/j2ca/sap/sapuserstatus1238918938"/>
        <namespace kind="supplement" prefix="in5" uri="http://www.ibm.com/xmlns/prod/websphere/j2ca/sap/sapallowedbustract551594239"/>
    </namespaces>
    <generation engine="xquery"/>
    <mappingDeclaration name="OI_getObjToResp">
        <input path="$var1/mb:env(Environment)" var="Environment">
            <cast castType="userDefined" path="$Environment/Variables/any" qualifier="societa" ref="var" var="any"/>
            <cast castType="userDefined" path="$Environment/Variables/any" qualifier="dataInizioValidita" ref="var" var="any1"/>
        </input>
        <input namespace="http://www.ibm.com/xmlns/prod/websphere/j2ca/sap/sapbapiinternalordergetdetail" path="$var2/mb:msg(SapBapiInternalorderGetdetail,assembly,XMLNSC,Properties)" var="ComIbmMessageAssembly_SapBapiInternalorderGetdetail"/>
        <output path="$var4/mb:env(Environment)" var="Environment1">
            <cast castType="userDefined" path="$Environment1/Variables/any" qualifier="societa" ref="var" var="any2"/>
            <cast castType="userDefined" path="$Environment1/Variables/any" qualifier="dataInizioValidita" ref="var" var="any3"/>
        </output>
        <output namespace="http://www.gruppoiren.it/AnagraficheCO/" path="$var6/mb:msg(Output,assembly,XMLNSC,Properties)" var="MessageAssembly"/>
        <condition>
            <if>
                <input path="$ComIbmMessageAssembly_SapBapiInternalorderGetdetail/SapBapiInternalorderGetdetail/SapSystemStatus[*]" var="SapSystemStatus"/>
                <output path="$MessageAssembly/Output/oggettoContabile/stato"/>
                <test lang="xpath">fn:count($SapSystemStatus[SY_ST_TEXT = "RIL."]) &gt; 0</test>
                <assign value="VALIDO">
                    <output path="."/>
                </assign>
            </if>
            <else>
                <output path="$MessageAssembly/Output/oggettoContabile/stato"/>
                <assign value="NON VALIDO">
                    <output path="."/>
                </assign>
            </else>
        </condition>
        <move>
            <input path="$ComIbmMessageAssembly_SapBapiInternalorderGetdetail/SapBapiInternalorderGetdetail/SapMasterData/ORDER" var="ORDER"/>
            <output path="$MessageAssembly/Output/oggettoContabile/codice"/>
        </move>
        <passthrough>
            <input path="$Environment/."/>
            <output path="$Environment1/."/>
            <updates/>
        </passthrough>
        <assign value="OI">
            <output path="$MessageAssembly/Output/oggettoContabile/@tipo"/>
        </assign>
        <move>
            <input path="$Environment/Variables/societa[1]"/>
            <output path="$MessageAssembly/Output/oggettoContabile/societa"/>
        </move>
        <move>
            <input path="$ComIbmMessageAssembly_SapBapiInternalorderGetdetail/SapBapiInternalorderGetdetail/SapMasterData/ORDER_NAME"/>
            <output path="$MessageAssembly/Output/oggettoContabile/descrizione"/>
        </move>
    </mappingDeclaration>
</mappingRoot>