<?xml version="1.0" encoding="UTF-8"?><mappingRoot xmlns="http://www.ibm.com/2008/ccl/Mapping" domainID="com.ibm.msl.mapping.xml" domainIDExtension="mb" mainMap="true" targetNamespace="default" version="8.0.5.0" xmlns:map="default">
    <input path="/AnagraficheCO_InlineSchema.xsd"/>
    <output path="/SapBapiInternalorderGetlist.xsd"/>
    <namespaces>
        <namespace kind="supplement" prefix="in" uri="http://www.gruppoiren.it/AnagraficheCO/"/>
        <namespace kind="supplement" prefix="out2" uri="http://www.ibm.com/xmlns/prod/websphere/j2ca/sap/saporderlist910154228"/>
        <namespace kind="supplement" prefix="out" uri="http://www.ibm.com/xmlns/prod/websphere/j2ca/sap/sapbapiinternalordergetlist"/>
    </namespaces>
    <generation engine="xquery"/>
    <mappingDeclaration name="OI_reqToGetList">
        <input namespace="http://www.gruppoiren.it/AnagraficheCO/" path="mb:msg(Input,assembly,XMLNSC,Properties)" var="ComIbmMessageAssembly_Input"/>
        <output namespace="http://www.ibm.com/xmlns/prod/websphere/j2ca/sap/sapbapiinternalordergetlist" path="mb:msg(SapBapiInternalorderGetlist,assembly,DataObject,Properties)" var="ComIbmMessageAssembly_SapBapiInternalorderGetlist"/>
        <move>
            <input path="$ComIbmMessageAssembly_Input/Properties"/>
            <output path="$ComIbmMessageAssembly_SapBapiInternalorderGetlist/Properties"/>
        </move>
        <assign value="1000">
            <output path="$ComIbmMessageAssembly_SapBapiInternalorderGetlist/SapBapiInternalorderGetlist/CONTROLLING_AREA"/>
        </assign>
    </mappingDeclaration>
</mappingRoot>