<?xml version="1.0" encoding="UTF-8"?><mappingRoot xmlns="http://www.ibm.com/2008/ccl/Mapping" domainID="com.ibm.msl.mapping.xml" domainIDExtension="mb" mainMap="true" targetNamespace="default" version="8.0.5.0" xmlns:map="default">
    <input path="jar:file://!com/ibm/etools/mft/map/xsds/predefined/SOAPDomainMsg.xsd" var="var1"/>
    <input path="/Salesforce_Iren_HUB_Inbound_v7_InlineSchema1.xsd" var="var2"/>
    <output path="mbsharedlib://InboundLib/WS_HUB_CRM_Inbound_InlineSchema1.xsd"/>
    <namespaces>
        <namespace kind="supplement" prefix="in" uri="http://soap.sforce.com/schemas/class/Iren_HUB_Inbound"/>
        <namespace kind="supplement" prefix="out2" uri="http://HUB_CRM_EE/crm_dati"/>
        <namespace kind="supplement" prefix="out" uri="http://WS_HUB_CRM_Inbound"/>
    </namespaces>
    <generation engine="xquery"/>
    <mappingDeclaration name="BuildEsito">
        <input path="$var1/mb:msg(SOAP_Domain_Msg,assembly,SOAP,Properties)" var="MessageAssembly">
            <cast path="$MessageAssembly/SOAP_Domain_Msg/Body/any" qualifier="{http://soap.sforce.com/schemas/class/Iren_HUB_Inbound}WSHubCrmInboundResponse" ref="var2"/>
        </input>
        <output namespace="http://WS_HUB_CRM_Inbound" path="mb:msg(WSHubCrmInboundResponse,assembly,XMLNSC,Properties)" var="MessageAssembly2"/>
        <move>
            <input path="$MessageAssembly/Properties"/>
            <output path="$MessageAssembly2/Properties"/>
            <override>
                <assign value="{InboundLib}">
                    <output path="$MessageAssembly2/Properties/MessageSet"/>
                </assign>
            </override>
        </move>
        <local>
            <input path="$MessageAssembly/SOAP_Domain_Msg/Body/WSHubCrmInboundResponse/result/inboundResponse"/>
            <output path="$MessageAssembly2/WSHubCrmInboundResponse/inboundResponse"/>
            <move automap="true">
                <input path="esito/codice"/>
                <output path="esito/codice"/>
            </move>
            <move automap="true">
                <input path="esito/esito"/>
                <output path="esito/esito"/>
            </move>
            <move automap="true">
                <input path="esito/motivazione"/>
                <output path="esito/motivazione"/>
            </move>
            <move automap="true">
                <input path="tracking/codiceFlusso"/>
                <output path="tracking/codiceFlusso"/>
            </move>
            <move automap="true">
                <input path="tracking/codicePratica"/>
                <output path="tracking/codicePratica"/>
            </move>
            <move automap="true">
                <input path="tracking/codicePraticaDistributore"/>
                <output path="tracking/codicePraticaDistributore"/>
            </move>
            <move automap="true">
                <input path="tracking/codicePraticaOrigine"/>
                <output path="tracking/codicePraticaOrigine"/>
            </move>
            <move automap="true">
                <input path="tracking/idMessaggio"/>
                <output path="tracking/idMessaggio"/>
            </move>
            <move automap="true">
                <input path="tracking/segmentoCliente"/>
                <output path="tracking/segmentoCliente"/>
            </move>
            <move automap="true">
                <input path="tracking/servizio"/>
                <output path="tracking/servizio"/>
            </move>
            <move automap="true">
                <input path="tracking/sistemaFatturazione"/>
                <output path="tracking/sistemaFatturazione"/>
            </move>
            <move automap="true">
                <input path="tracking/sistemaOrigine"/>
                <output path="tracking/sistemaOrigine"/>
            </move>
            <move automap="true">
                <input path="tracking/societaVendita"/>
                <output path="tracking/societaVendita"/>
            </move>
        </local>
    </mappingDeclaration>
</mappingRoot>